
Memory Configuration

Name             Origin             Length             Attributes
rom              0x0000000000400000 0x0000000000010000 xrl
ram              0x0000000010000000 0x0000000000010000 w !l
*default*        0x0000000000000000 0xffffffffffffffff

Linker script and memory map


.init           0x0000000000400000       0x1c
 *(.init)
 .init          0x0000000000400000       0x1c crt0.o
                0x0000000000400000                _start

.text           0x000000000040001c      0x6d8
 *(.text)
 .text          0x000000000040001c        0x0 crt0.o
 .text          0x000000000040001c      0x144 main.o
                0x000000000040001c                main
 .text          0x0000000000400160      0x198 lib.o
                0x0000000000400160                abs
                0x0000000000400170                printchar
                0x000000000040017c                println
                0x000000000040018c                printstr
                0x00000000004001ac                printint
                0x0000000000400228                pollkbd
                0x0000000000400234                readchar
                0x0000000000400240                readstr
                0x0000000000400294                readint
 .text          0x00000000004002f8       0x24 showpic.o
                0x00000000004002f8                showpic
 .text          0x000000000040031c       0x48 random.o
                0x000000000040031c                initseed
                0x0000000000400338                random
 .text          0x0000000000400364      0x138 shapes.o
                0x0000000000400364                apply_mask
                0x00000000004003b0                reset_mask
                0x00000000004003e8                initialize
                0x0000000000400458                change_piece
 .text          0x000000000040049c       0x14 display.o
                0x000000000040049c                paint_row
 .text          0x00000000004004b0       0x68 matrix.o
                0x00000000004004b0                bit_or_matrix
                0x00000000004004e4                bit_and_matrix
 .text          0x0000000000400518      0x158 movement.o
                0x0000000000400518                mv_piece_l
                0x0000000000400560                mv_piece_r
                0x00000000004005a8                mv_piece_d
                0x00000000004005e8                mv_piece_u
                0x0000000000400628                r_piece_cw
 .text          0x0000000000400670       0x84 physics.o
                0x0000000000400670                colision_check

.rela.dyn       0x00000000004006f4        0x0
 .rela.init     0x00000000004006f4        0x0 crt0.o

.data           0x00000000004006f4      0x1e4
 .data          0x00000000004006f4        0x0 crt0.o
 .data          0x00000000004006f4        0x0 main.o
 .data          0x00000000004006f4        0x0 lib.o
 .data          0x00000000004006f4        0x0 showpic.o
 .data          0x00000000004006f4        0x4 random.o
 .data          0x00000000004006f8      0x194 shapes.o
                0x00000000004006f8                pieces
                0x0000000000400828                play_area
 .data          0x000000000040088c        0x0 display.o
 .data          0x000000000040088c        0x0 matrix.o
 .data          0x000000000040088c       0x4c movement.o
                0x000000000040088c                rotational_vector
 .data          0x00000000004008d8        0x0 physics.o

.srodata
 *(.srodata)

.bss            0x0000000010000000       0x84
 *(.bss)
 .bss           0x0000000010000000        0x0 crt0.o
 .bss           0x0000000010000000        0x0 main.o
 .bss           0x0000000010000000        0x0 lib.o
 .bss           0x0000000010000000        0x0 showpic.o
 .bss           0x0000000010000000        0x0 random.o
 .bss           0x0000000010000000       0x74 shapes.o
                0x0000000010000000                piece_mask
                0x0000000010000064                current_piecem
 .bss           0x0000000010000074        0x0 display.o
 .bss           0x0000000010000074        0x0 matrix.o
 .bss           0x0000000010000074        0x0 movement.o
 .bss           0x0000000010000074       0x10 physics.o
                0x0000000010000074                result
 *(COMMON)
                0x000000001000fffc                PROVIDE (__stack_init = ((ORIGIN (ram) + LENGTH (ram)) - 0x4))
LOAD crt0.o
LOAD main.o
LOAD lib.o
LOAD showpic.o
LOAD random.o
LOAD shapes.o
LOAD display.o
LOAD matrix.o
LOAD movement.o
LOAD physics.o
OUTPUT(tetris elf32-littleriscv)

.sbss           0x0000000010000084        0xc
 .sbss          0x0000000010000084        0xc shapes.o
                0x0000000010000084                piece_col
                0x0000000010000088                piece_row
                0x000000001000008c                piece_index

.riscv.attributes
                0x0000000000000000       0x21
 .riscv.attributes
                0x0000000000000000       0x1f crt0.o
 .riscv.attributes
                0x000000000000001f       0x21 main.o
 .riscv.attributes
                0x0000000000000040       0x21 lib.o
 .riscv.attributes
                0x0000000000000061       0x1f showpic.o
 .riscv.attributes
                0x0000000000000080       0x1f random.o
 .riscv.attributes
                0x000000000000009f       0x21 shapes.o
 .riscv.attributes
                0x00000000000000c0       0x21 display.o
 .riscv.attributes
                0x00000000000000e1       0x21 matrix.o
 .riscv.attributes
                0x0000000000000102       0x21 movement.o
 .riscv.attributes
                0x0000000000000123       0x21 physics.o

.comment        0x0000000000000000        0xf
 .comment       0x0000000000000000        0xf main.o
                                         0x10 (size before relaxing)
 .comment       0x000000000000000f       0x10 lib.o
 .comment       0x000000000000000f       0x10 shapes.o
 .comment       0x000000000000000f       0x10 display.o
 .comment       0x000000000000000f       0x10 matrix.o
 .comment       0x000000000000000f       0x10 movement.o
 .comment       0x000000000000000f       0x10 physics.o

.debug_line     0x0000000000000000     0x10e5
 .debug_line    0x0000000000000000       0x55 crt0.o
 .debug_line    0x0000000000000055      0x208 main.o
 .debug_line    0x000000000000025d      0x4f2 lib.o
 .debug_line    0x000000000000074f       0x6a showpic.o
 .debug_line    0x00000000000007b9       0x8d random.o
 .debug_line    0x0000000000000846      0x316 shapes.o
 .debug_line    0x0000000000000b5c       0x63 display.o
 .debug_line    0x0000000000000bbf      0x12c matrix.o
 .debug_line    0x0000000000000ceb      0x2bc movement.o
 .debug_line    0x0000000000000fa7      0x13e physics.o

.debug_info     0x0000000000000000      0xb15
 .debug_info    0x0000000000000000       0x26 crt0.o
 .debug_info    0x0000000000000026      0x181 main.o
 .debug_info    0x00000000000001a7      0x2b7 lib.o
 .debug_info    0x000000000000045e       0x26 showpic.o
 .debug_info    0x0000000000000484       0x26 random.o
 .debug_info    0x00000000000004aa      0x209 shapes.o
 .debug_info    0x00000000000006b3       0x62 display.o
 .debug_info    0x0000000000000715      0x114 matrix.o
 .debug_info    0x0000000000000829      0x1c4 movement.o
 .debug_info    0x00000000000009ed      0x128 physics.o

.debug_abbrev   0x0000000000000000      0x694
 .debug_abbrev  0x0000000000000000       0x14 crt0.o
 .debug_abbrev  0x0000000000000014       0xe5 main.o
 .debug_abbrev  0x00000000000000f9      0x1fb lib.o
 .debug_abbrev  0x00000000000002f4       0x14 showpic.o
 .debug_abbrev  0x0000000000000308       0x14 random.o
 .debug_abbrev  0x000000000000031c       0xea shapes.o
 .debug_abbrev  0x0000000000000406       0x5d display.o
 .debug_abbrev  0x0000000000000463       0x94 matrix.o
 .debug_abbrev  0x00000000000004f7       0xbf movement.o
 .debug_abbrev  0x00000000000005b6       0xde physics.o

.debug_aranges  0x0000000000000000      0x140
 .debug_aranges
                0x0000000000000000       0x20 crt0.o
 .debug_aranges
                0x0000000000000020       0x20 main.o
 .debug_aranges
                0x0000000000000040       0x20 lib.o
 .debug_aranges
                0x0000000000000060       0x20 showpic.o
 .debug_aranges
                0x0000000000000080       0x20 random.o
 .debug_aranges
                0x00000000000000a0       0x20 shapes.o
 .debug_aranges
                0x00000000000000c0       0x20 display.o
 .debug_aranges
                0x00000000000000e0       0x20 matrix.o
 .debug_aranges
                0x0000000000000100       0x20 movement.o
 .debug_aranges
                0x0000000000000120       0x20 physics.o

.debug_str      0x0000000000000000      0x27e
 .debug_str     0x0000000000000000       0x6f crt0.o
 .debug_str     0x000000000000006f       0xb4 main.o
                                        0x10e (size before relaxing)
 .debug_str     0x0000000000000123       0x5b lib.o
                                         0xf6 (size before relaxing)
 .debug_str     0x000000000000017e        0xa showpic.o
                                         0x72 (size before relaxing)
 .debug_str     0x0000000000000188        0x9 random.o
                                         0x71 (size before relaxing)
 .debug_str     0x0000000000000191       0x58 shapes.o
                                        0x11e (size before relaxing)
 .debug_str     0x00000000000001e9       0x12 display.o
                                         0xa5 (size before relaxing)
 .debug_str     0x00000000000001fb       0x28 matrix.o
                                         0xd8 (size before relaxing)
 .debug_str     0x0000000000000223       0x49 movement.o
                                        0x147 (size before relaxing)
 .debug_str     0x000000000000026c       0x12 physics.o
                                        0x102 (size before relaxing)

.debug_loc      0x0000000000000000      0x4e1
 .debug_loc     0x0000000000000000       0x51 main.o
 .debug_loc     0x0000000000000051      0x1eb lib.o
 .debug_loc     0x000000000000023c       0xd6 shapes.o
 .debug_loc     0x0000000000000312       0x21 display.o
 .debug_loc     0x0000000000000333      0x130 matrix.o
 .debug_loc     0x0000000000000463       0x28 movement.o
 .debug_loc     0x000000000000048b       0x56 physics.o

.debug_ranges   0x0000000000000000       0x78
 .debug_ranges  0x0000000000000000       0x18 main.o
 .debug_ranges  0x0000000000000018       0x60 lib.o

.debug_frame    0x0000000000000000      0x240
 .debug_frame   0x0000000000000000       0x4c main.o
 .debug_frame   0x000000000000004c       0xa8 lib.o
 .debug_frame   0x00000000000000f4       0x5c shapes.o
 .debug_frame   0x0000000000000150       0x20 display.o
 .debug_frame   0x0000000000000170       0x30 matrix.o
 .debug_frame   0x00000000000001a0       0x6c movement.o
 .debug_frame   0x000000000000020c       0x34 physics.o
