
Memory Configuration

Name             Origin             Length             Attributes
rom              0x0000000000400000 0x0000000000010000 xrl
ram              0x0000000010000000 0x0000000000010000 w !l
*default*        0x0000000000000000 0xffffffffffffffff

Linker script and memory map


.init           0x0000000000400000       0x1c
 *(.init)
 .init          0x0000000000400000       0x1c crt0.o
                0x0000000000400000                _start

.text           0x000000000040001c      0x9c0
 *(.text)
 .text          0x000000000040001c        0x0 crt0.o
 .text          0x000000000040001c      0x13c main.o
                0x000000000040001c                main
 .text          0x0000000000400158      0x198 lib.o
                0x0000000000400158                abs
                0x0000000000400168                printchar
                0x0000000000400174                println
                0x0000000000400184                printstr
                0x00000000004001a4                printint
                0x0000000000400220                pollkbd
                0x000000000040022c                readchar
                0x0000000000400238                readstr
                0x000000000040028c                readint
 .text          0x00000000004002f0       0x24 showpic.o
                0x00000000004002f0                showpic
 .text          0x0000000000400314       0x10 random.o
                0x0000000000400314                random
 .text          0x0000000000400324      0x18c shapes.o
                0x0000000000400324                apply_mask
                0x000000000040036c                reset_mask
                0x00000000004003a8                initialize
                0x000000000040046c                change_piece
 .text          0x00000000004004b0       0x14 display.o
                0x00000000004004b0                paint_row
 .text          0x00000000004004c4       0x68 matrix.o
                0x00000000004004c4                bit_or_matrix
                0x00000000004004f8                bit_and_matrix
 .text          0x000000000040052c      0x260 movement.o
                0x000000000040052c                mv_piece_l
                0x00000000004005c8                mv_piece_r
                0x000000000040066c                mv_piece_d
                0x00000000004006ac                mv_piece_u
                0x00000000004006ec                r_piece_cw
 .text          0x000000000040078c      0x21c physics.o
                0x000000000040078c                colision_check
                0x0000000000400810                colision_check_wall
                0x0000000000400880                consolidate_rows
                0x00000000004008c4                clear_rows
                0x0000000000400958                tetris_god_senpai
 .text          0x00000000004009a8       0x34 buttons.o
                0x00000000004009a8                pollLeftFlag
                0x00000000004009b4                pollRightFlag
                0x00000000004009c0                pollRotFlag
                0x00000000004009cc                lowerFlags

.rela.dyn       0x00000000004009dc        0x0
 .rela.init     0x00000000004009dc        0x0 crt0.o

.data           0x00000000004009dc      0x17c
 .data          0x00000000004009dc        0x0 crt0.o
 .data          0x00000000004009dc        0x0 main.o
 .data          0x00000000004009dc        0x0 lib.o
 .data          0x00000000004009dc        0x0 showpic.o
 .data          0x00000000004009dc        0x0 random.o
 .data          0x00000000004009dc      0x130 shapes.o
                0x00000000004009dc                pieces
 .data          0x0000000000400b0c        0x0 display.o
 .data          0x0000000000400b0c        0x0 matrix.o
 .data          0x0000000000400b0c       0x4c movement.o
                0x0000000000400b0c                rotational_vector
 .data          0x0000000000400b58        0x0 physics.o
 .data          0x0000000000400b58        0x0 buttons.o

.srodata
 *(.srodata)

.bss            0x0000000010000000       0xe8
 *(.bss)
 .bss           0x0000000010000000        0x0 crt0.o
 .bss           0x0000000010000000        0x0 main.o
 .bss           0x0000000010000000        0x0 lib.o
 .bss           0x0000000010000000        0x0 showpic.o
 .bss           0x0000000010000000        0x0 random.o
 .bss           0x0000000010000000       0xd8 shapes.o
                0x0000000010000000                current_piecem
                0x0000000010000010                piece_mask
                0x0000000010000074                play_area
 .bss           0x00000000100000d8        0x0 display.o
 .bss           0x00000000100000d8        0x0 matrix.o
 .bss           0x00000000100000d8        0x0 movement.o
 .bss           0x00000000100000d8       0x10 physics.o
                0x00000000100000d8                result
 .bss           0x00000000100000e8        0x0 buttons.o
 *(COMMON)
                0x000000001000fffc                PROVIDE (__stack_init = ((ORIGIN (ram) + LENGTH (ram)) - 0x4))
LOAD crt0.o
LOAD main.o
LOAD lib.o
LOAD showpic.o
LOAD random.o
LOAD shapes.o
LOAD display.o
LOAD matrix.o
LOAD movement.o
LOAD physics.o
LOAD buttons.o
OUTPUT(tetris elf32-littleriscv)

.sbss           0x00000000100000e8        0xc
 .sbss          0x00000000100000e8        0xc shapes.o
                0x00000000100000e8                piece_col
                0x00000000100000ec                piece_row
                0x00000000100000f0                piece_index

.riscv.attributes
                0x0000000000000000       0x21
 .riscv.attributes
                0x0000000000000000       0x1f crt0.o
 .riscv.attributes
                0x000000000000001f       0x21 main.o
 .riscv.attributes
                0x0000000000000040       0x21 lib.o
 .riscv.attributes
                0x0000000000000061       0x1f showpic.o
 .riscv.attributes
                0x0000000000000080       0x1f random.o
 .riscv.attributes
                0x000000000000009f       0x21 shapes.o
 .riscv.attributes
                0x00000000000000c0       0x21 display.o
 .riscv.attributes
                0x00000000000000e1       0x21 matrix.o
 .riscv.attributes
                0x0000000000000102       0x21 movement.o
 .riscv.attributes
                0x0000000000000123       0x21 physics.o
 .riscv.attributes
                0x0000000000000144       0x21 buttons.o

.comment        0x0000000000000000        0xf
 .comment       0x0000000000000000        0xf main.o
                                         0x10 (size before relaxing)
 .comment       0x000000000000000f       0x10 lib.o
 .comment       0x000000000000000f       0x10 shapes.o
 .comment       0x000000000000000f       0x10 display.o
 .comment       0x000000000000000f       0x10 matrix.o
 .comment       0x000000000000000f       0x10 movement.o
 .comment       0x000000000000000f       0x10 physics.o
 .comment       0x000000000000000f       0x10 buttons.o

.debug_line     0x0000000000000000     0x178a
 .debug_line    0x0000000000000000       0x55 crt0.o
 .debug_line    0x0000000000000055      0x2e0 main.o
 .debug_line    0x0000000000000335      0x4f2 lib.o
 .debug_line    0x0000000000000827       0x6a showpic.o
 .debug_line    0x0000000000000891       0x4b random.o
 .debug_line    0x00000000000008dc      0x3fe shapes.o
 .debug_line    0x0000000000000cda       0x63 display.o
 .debug_line    0x0000000000000d3d      0x12c matrix.o
 .debug_line    0x0000000000000e69      0x460 movement.o
 .debug_line    0x00000000000012c9      0x408 physics.o
 .debug_line    0x00000000000016d1       0xb9 buttons.o

.debug_info     0x0000000000000000      0xe62
 .debug_info    0x0000000000000000       0x26 crt0.o
 .debug_info    0x0000000000000026      0x26c main.o
 .debug_info    0x0000000000000292      0x2b7 lib.o
 .debug_info    0x0000000000000549       0x26 showpic.o
 .debug_info    0x000000000000056f       0x26 random.o
 .debug_info    0x0000000000000595      0x201 shapes.o
 .debug_info    0x0000000000000796       0x65 display.o
 .debug_info    0x00000000000007fb      0x114 matrix.o
 .debug_info    0x000000000000090f      0x25d movement.o
 .debug_info    0x0000000000000b6c      0x275 physics.o
 .debug_info    0x0000000000000de1       0x81 buttons.o

.debug_abbrev   0x0000000000000000      0x714
 .debug_abbrev  0x0000000000000000       0x14 crt0.o
 .debug_abbrev  0x0000000000000014       0xcb main.o
 .debug_abbrev  0x00000000000000df      0x1fb lib.o
 .debug_abbrev  0x00000000000002da       0x14 showpic.o
 .debug_abbrev  0x00000000000002ee       0x14 random.o
 .debug_abbrev  0x0000000000000302       0xc0 shapes.o
 .debug_abbrev  0x00000000000003c2       0x66 display.o
 .debug_abbrev  0x0000000000000428       0x94 matrix.o
 .debug_abbrev  0x00000000000004bc       0xe3 movement.o
 .debug_abbrev  0x000000000000059f      0x124 physics.o
 .debug_abbrev  0x00000000000006c3       0x51 buttons.o

.debug_aranges  0x0000000000000000      0x160
 .debug_aranges
                0x0000000000000000       0x20 crt0.o
 .debug_aranges
                0x0000000000000020       0x20 main.o
 .debug_aranges
                0x0000000000000040       0x20 lib.o
 .debug_aranges
                0x0000000000000060       0x20 showpic.o
 .debug_aranges
                0x0000000000000080       0x20 random.o
 .debug_aranges
                0x00000000000000a0       0x20 shapes.o
 .debug_aranges
                0x00000000000000c0       0x20 display.o
 .debug_aranges
                0x00000000000000e0       0x20 matrix.o
 .debug_aranges
                0x0000000000000100       0x20 movement.o
 .debug_aranges
                0x0000000000000120       0x20 physics.o
 .debug_aranges
                0x0000000000000140       0x20 buttons.o

.debug_str      0x0000000000000000      0x303
 .debug_str     0x0000000000000000       0x6f crt0.o
 .debug_str     0x000000000000006f      0x138 main.o
                                        0x192 (size before relaxing)
 .debug_str     0x00000000000001a7       0x4a lib.o
                                         0xf6 (size before relaxing)
 .debug_str     0x00000000000001f1        0xa showpic.o
                                         0x72 (size before relaxing)
 .debug_str     0x00000000000001fb        0x9 random.o
                                         0x71 (size before relaxing)
 .debug_str     0x0000000000000204       0x58 shapes.o
                                        0x118 (size before relaxing)
 .debug_str     0x000000000000025c       0x12 display.o
                                         0xb2 (size before relaxing)
 .debug_str     0x000000000000026e       0x3d matrix.o
                                         0xd8 (size before relaxing)
 .debug_str     0x00000000000002ab       0x3c movement.o
                                        0x164 (size before relaxing)
 .debug_str     0x00000000000002e7       0x12 physics.o
                                        0x192 (size before relaxing)
 .debug_str     0x00000000000002f9        0xa buttons.o
                                         0xc5 (size before relaxing)

.debug_loc      0x0000000000000000      0x5e8
 .debug_loc     0x0000000000000000       0xbd main.o
 .debug_loc     0x00000000000000bd      0x1eb lib.o
 .debug_loc     0x00000000000002a8       0xca shapes.o
 .debug_loc     0x0000000000000372       0x21 display.o
 .debug_loc     0x0000000000000393      0x130 matrix.o
 .debug_loc     0x00000000000004c3       0x28 movement.o
 .debug_loc     0x00000000000004eb       0xfd physics.o

.debug_ranges   0x0000000000000000      0x110
 .debug_ranges  0x0000000000000000       0x68 main.o
 .debug_ranges  0x0000000000000068       0x60 lib.o
 .debug_ranges  0x00000000000000c8       0x48 physics.o

.debug_frame    0x0000000000000000      0x308
 .debug_frame   0x0000000000000000       0x38 main.o
 .debug_frame   0x0000000000000038       0xa8 lib.o
 .debug_frame   0x00000000000000e0       0x5c shapes.o
 .debug_frame   0x000000000000013c       0x20 display.o
 .debug_frame   0x000000000000015c       0x30 matrix.o
 .debug_frame   0x000000000000018c       0x90 movement.o
 .debug_frame   0x000000000000021c       0x9c physics.o
 .debug_frame   0x00000000000002b8       0x50 buttons.o
