
Memory Configuration

Name             Origin             Length             Attributes
rom              0x0000000000400000 0x0000000000010000 xrl
ram              0x0000000010000000 0x0000000000010000 w !l
*default*        0x0000000000000000 0xffffffffffffffff

Linker script and memory map


.init           0x0000000000400000       0x1c
 *(.init)
 .init          0x0000000000400000       0x1c crt0.o
                0x0000000000400000                _start

.text           0x000000000040001c      0x7e0
 *(.text)
 .text          0x000000000040001c        0x0 crt0.o
 .text          0x000000000040001c      0x100 main.o
                0x000000000040001c                main
 .text          0x000000000040011c      0x198 lib.o
                0x000000000040011c                abs
                0x000000000040012c                printchar
                0x0000000000400138                println
                0x0000000000400148                printstr
                0x0000000000400168                printint
                0x00000000004001e4                pollkbd
                0x00000000004001f0                readchar
                0x00000000004001fc                readstr
                0x0000000000400250                readint
 .text          0x00000000004002b4       0x24 showpic.o
                0x00000000004002b4                showpic
 .text          0x00000000004002d8       0x48 random.o
                0x00000000004002d8                initseed
                0x00000000004002f4                random
 .text          0x0000000000400320      0x18c shapes.o
                0x0000000000400320                apply_mask
                0x0000000000400368                reset_mask
                0x00000000004003a4                initialize
                0x0000000000400468                change_piece
 .text          0x00000000004004ac       0x14 display.o
                0x00000000004004ac                paint_row
 .text          0x00000000004004c0       0x68 matrix.o
                0x00000000004004c0                bit_or_matrix
                0x00000000004004f4                bit_and_matrix
 .text          0x0000000000400528      0x150 movement.o
                0x0000000000400528                mv_piece_l
                0x0000000000400570                mv_piece_r
                0x00000000004005b8                mv_piece_d
                0x00000000004005f8                mv_piece_u
                0x0000000000400638                r_piece_cw
 .text          0x0000000000400678      0x184 physics.o
                0x0000000000400678                colision_check
                0x00000000004006fc                consolidate_rows
                0x0000000000400740                clear_rows
                0x00000000004007ac                tetris_god_senpai

.rela.dyn       0x00000000004007fc        0x0
 .rela.init     0x00000000004007fc        0x0 crt0.o

.data           0x00000000004007fc      0x180
 .data          0x00000000004007fc        0x0 crt0.o
 .data          0x00000000004007fc        0x0 main.o
 .data          0x00000000004007fc        0x0 lib.o
 .data          0x00000000004007fc        0x0 showpic.o
 .data          0x00000000004007fc        0x4 random.o
 .data          0x0000000000400800      0x130 shapes.o
                0x0000000000400800                pieces
 .data          0x0000000000400930        0x0 display.o
 .data          0x0000000000400930        0x0 matrix.o
 .data          0x0000000000400930       0x4c movement.o
                0x0000000000400930                rotational_vector
 .data          0x000000000040097c        0x0 physics.o

.srodata
 *(.srodata)

.bss            0x0000000010000000       0xe8
 *(.bss)
 .bss           0x0000000010000000        0x0 crt0.o
 .bss           0x0000000010000000        0x0 main.o
 .bss           0x0000000010000000        0x0 lib.o
 .bss           0x0000000010000000        0x0 showpic.o
 .bss           0x0000000010000000        0x0 random.o
 .bss           0x0000000010000000       0xd8 shapes.o
                0x0000000010000000                current_piecem
                0x0000000010000010                piece_mask
                0x0000000010000074                play_area
 .bss           0x00000000100000d8        0x0 display.o
 .bss           0x00000000100000d8        0x0 matrix.o
 .bss           0x00000000100000d8        0x0 movement.o
 .bss           0x00000000100000d8       0x10 physics.o
                0x00000000100000d8                result
 *(COMMON)
                0x000000001000fffc                PROVIDE (__stack_init = ((ORIGIN (ram) + LENGTH (ram)) - 0x4))
LOAD crt0.o
LOAD main.o
LOAD lib.o
LOAD showpic.o
LOAD random.o
LOAD shapes.o
LOAD display.o
LOAD matrix.o
LOAD movement.o
LOAD physics.o
OUTPUT(tetris elf32-littleriscv)

.sbss           0x00000000100000e8        0xc
 .sbss          0x00000000100000e8        0xc shapes.o
                0x00000000100000e8                piece_col
                0x00000000100000ec                piece_row
                0x00000000100000f0                piece_index

.riscv.attributes
                0x0000000000000000       0x21
 .riscv.attributes
                0x0000000000000000       0x1f crt0.o
 .riscv.attributes
                0x000000000000001f       0x21 main.o
 .riscv.attributes
                0x0000000000000040       0x21 lib.o
 .riscv.attributes
                0x0000000000000061       0x1f showpic.o
 .riscv.attributes
                0x0000000000000080       0x1f random.o
 .riscv.attributes
                0x000000000000009f       0x21 shapes.o
 .riscv.attributes
                0x00000000000000c0       0x21 display.o
 .riscv.attributes
                0x00000000000000e1       0x21 matrix.o
 .riscv.attributes
                0x0000000000000102       0x21 movement.o
 .riscv.attributes
                0x0000000000000123       0x21 physics.o

.comment        0x0000000000000000        0xf
 .comment       0x0000000000000000        0xf main.o
                                         0x10 (size before relaxing)
 .comment       0x000000000000000f       0x10 lib.o
 .comment       0x000000000000000f       0x10 shapes.o
 .comment       0x000000000000000f       0x10 display.o
 .comment       0x000000000000000f       0x10 matrix.o
 .comment       0x000000000000000f       0x10 movement.o
 .comment       0x000000000000000f       0x10 physics.o

.debug_line     0x0000000000000000     0x13d6
 .debug_line    0x0000000000000000       0x55 crt0.o
 .debug_line    0x0000000000000055      0x245 main.o
 .debug_line    0x000000000000029a      0x4f2 lib.o
 .debug_line    0x000000000000078c       0x6a showpic.o
 .debug_line    0x00000000000007f6       0x8d random.o
 .debug_line    0x0000000000000883      0x3fe shapes.o
 .debug_line    0x0000000000000c81       0x63 display.o
 .debug_line    0x0000000000000ce4      0x12c matrix.o
 .debug_line    0x0000000000000e10      0x2bc movement.o
 .debug_line    0x00000000000010cc      0x30a physics.o

.debug_info     0x0000000000000000      0xc19
 .debug_info    0x0000000000000000       0x26 crt0.o
 .debug_info    0x0000000000000026      0x1af main.o
 .debug_info    0x00000000000001d5      0x2b7 lib.o
 .debug_info    0x000000000000048c       0x26 showpic.o
 .debug_info    0x00000000000004b2       0x26 random.o
 .debug_info    0x00000000000004d8      0x201 shapes.o
 .debug_info    0x00000000000006d9       0x65 display.o
 .debug_info    0x000000000000073e      0x114 matrix.o
 .debug_info    0x0000000000000852      0x1a8 movement.o
 .debug_info    0x00000000000009fa      0x21f physics.o

.debug_abbrev   0x0000000000000000      0x685
 .debug_abbrev  0x0000000000000000       0x14 crt0.o
 .debug_abbrev  0x0000000000000014       0xcb main.o
 .debug_abbrev  0x00000000000000df      0x1fb lib.o
 .debug_abbrev  0x00000000000002da       0x14 showpic.o
 .debug_abbrev  0x00000000000002ee       0x14 random.o
 .debug_abbrev  0x0000000000000302       0xc0 shapes.o
 .debug_abbrev  0x00000000000003c2       0x66 display.o
 .debug_abbrev  0x0000000000000428       0x94 matrix.o
 .debug_abbrev  0x00000000000004bc       0xbf movement.o
 .debug_abbrev  0x000000000000057b      0x10a physics.o

.debug_aranges  0x0000000000000000      0x140
 .debug_aranges
                0x0000000000000000       0x20 crt0.o
 .debug_aranges
                0x0000000000000020       0x20 main.o
 .debug_aranges
                0x0000000000000040       0x20 lib.o
 .debug_aranges
                0x0000000000000060       0x20 showpic.o
 .debug_aranges
                0x0000000000000080       0x20 random.o
 .debug_aranges
                0x00000000000000a0       0x20 shapes.o
 .debug_aranges
                0x00000000000000c0       0x20 display.o
 .debug_aranges
                0x00000000000000e0       0x20 matrix.o
 .debug_aranges
                0x0000000000000100       0x20 movement.o
 .debug_aranges
                0x0000000000000120       0x20 physics.o

.debug_str      0x0000000000000000      0x2b3
 .debug_str     0x0000000000000000       0x6f crt0.o
 .debug_str     0x000000000000006f       0xd4 main.o
                                        0x12e (size before relaxing)
 .debug_str     0x0000000000000143       0x5b lib.o
                                         0xf6 (size before relaxing)
 .debug_str     0x000000000000019e        0xa showpic.o
                                         0x72 (size before relaxing)
 .debug_str     0x00000000000001a8        0x9 random.o
                                         0x71 (size before relaxing)
 .debug_str     0x00000000000001b1       0x58 shapes.o
                                        0x118 (size before relaxing)
 .debug_str     0x0000000000000209       0x12 display.o
                                         0xb2 (size before relaxing)
 .debug_str     0x000000000000021b       0x3d matrix.o
                                         0xd8 (size before relaxing)
 .debug_str     0x0000000000000258       0x49 movement.o
                                        0x138 (size before relaxing)
 .debug_str     0x00000000000002a1       0x12 physics.o
                                        0x17e (size before relaxing)

.debug_loc      0x0000000000000000      0x56f
 .debug_loc     0x0000000000000000       0x9a main.o
 .debug_loc     0x000000000000009a      0x1eb lib.o
 .debug_loc     0x0000000000000285       0xca shapes.o
 .debug_loc     0x000000000000034f       0x21 display.o
 .debug_loc     0x0000000000000370      0x130 matrix.o
 .debug_loc     0x00000000000004a0       0x28 movement.o
 .debug_loc     0x00000000000004c8       0xa7 physics.o

.debug_ranges   0x0000000000000000       0xf8
 .debug_ranges  0x0000000000000000       0x68 main.o
 .debug_ranges  0x0000000000000068       0x60 lib.o
 .debug_ranges  0x00000000000000c8       0x30 physics.o

.debug_frame    0x0000000000000000      0x274
 .debug_frame   0x0000000000000000       0x38 main.o
 .debug_frame   0x0000000000000038       0xa8 lib.o
 .debug_frame   0x00000000000000e0       0x5c shapes.o
 .debug_frame   0x000000000000013c       0x20 display.o
 .debug_frame   0x000000000000015c       0x30 matrix.o
 .debug_frame   0x000000000000018c       0x6c movement.o
 .debug_frame   0x00000000000001f8       0x7c physics.o
